// Jest Snapshot v1, https://goo.gl/fbAQLP

exports[`Contacts queries should receive selected contact 1`] = `
Object {
  "address": Array [
    Object {
      "lang": "uk",
      "value": "Вулиця 4",
    },
    Object {
      "lang": "en",
      "value": "Street 4",
    },
  ],
  "email": "test@test.com",
  "link": "https://testURL.com",
  "openHours": Array [
    Object {
      "lang": "uk",
      "value": "ПН ...",
    },
    Object {
      "lang": "en",
      "value": "FR ...",
    },
  ],
  "phoneNumber": "1241241242144",
}
`;
